// Vitest Snapshot v1, https://vitest.dev/guide/snapshot.html

exports[`watch > native watch 1`] = `
Set {
  "!**/node_modules/**",
  "!**/miniprogram_npm/**",
  "!**/project.config.json/**",
  "!**/project.private.config.json/**",
  "!**/package.json/**",
  "!postcss.config.js",
  "!tailwind.config.js",
  "!dist/**/*",
  "**/*.js",
  "**/*.ts",
  "**/*.wxs",
  "**/*.json",
  "**/*.wxss",
  "**/*.less",
  "**/*.sass",
  "**/*.scss",
  "**/*.wxml",
}
`;
