// Jest Snapshot v1, https://goo.gl/fbAQLP

exports[`all arbitrary values usages Backgrounds Background Color 1`] = `"bg-_l__h_50d71e_r_"`;

exports[`all arbitrary values usages Backgrounds Background Image 1`] = `"bg-_l_url_p__y__div_img_div_hero-pattern_dot_svg_y__q__r_"`;

exports[`all arbitrary values usages Backgrounds Background Position 1`] = `"bg-_l_center_top_1rem_r_"`;

exports[`all arbitrary values usages Backgrounds Background Size 1`] = `"bg-_l_length_c_200px_100px_r_"`;

exports[`all arbitrary values usages Backgrounds Gradient Color Stops 1`] = `"from-_l__h_243c5a_r_"`;

exports[`all arbitrary values usages Borders Border Color 1`] = `"border-_l__h_243c5a_r_"`;

exports[`all arbitrary values usages Borders Border Radius 1`] = `"rounded-_l_12px_r_"`;

exports[`all arbitrary values usages Borders Border Width 1`] = `"border-t-_l_3px_r_"`;

exports[`all arbitrary values usages Borders Divide Color 1`] = `"divide-_l__h_243c5a_r_"`;

exports[`all arbitrary values usages Borders Divide Width 1`] = `"divide-x-_l_3px_r_"`;

exports[`all arbitrary values usages Borders Outline Color 1`] = `"outline-_l__h_243c5a_r_"`;

exports[`all arbitrary values usages Borders Outline Offset 1`] = `"outline-offset-_l_3px_r_"`;

exports[`all arbitrary values usages Borders Outline Width 1`] = `"outline-_l_5px_r_"`;

exports[`all arbitrary values usages Borders Ring Color 1`] = `"ring-_l__h_243c5a_r_"`;

exports[`all arbitrary values usages Borders Ring Offset Color 1`] = `"ring-offset-_l__h_243c5a_r_"`;

exports[`all arbitrary values usages Borders Ring Offset Width 1`] = `"ring-offset-_l_10px_r_"`;

exports[`all arbitrary values usages Borders Ring Width 1`] = `"ring-_l_10px_r_"`;

exports[`all arbitrary values usages Effects Box Shadow 1`] = `"shadow-_l_inset_0_0_0_0__h_50d71e_r_"`;

exports[`all arbitrary values usages Effects Box Shadow 2`] = `"shadow-_l_0_35px_60px_-15px_rgba_p_0_d_0_d_0_d_0_dot_3_q__r_"`;

exports[`all arbitrary values usages Effects Box Shadow Color 1`] = `"shadow-_l__h_50d71e_r_"`;

exports[`all arbitrary values usages Effects Opacity 1`] = `"opacity-_l_0_dot_5_r_"`;

exports[`all arbitrary values usages Effects Opacity 2`] = `"opacity-_l__dot_67_r_"`;

exports[`all arbitrary values usages Effects Opacity 3`] = `"opacity-_l_1_r_"`;

exports[`all arbitrary values usages Filters Backdrop Blur 1`] = `"backdrop-blur-_l_10px_r_"`;

exports[`all arbitrary values usages Filters Backdrop Brightness 1`] = `"backdrop-brightness-_l_50_pct__r_"`;

exports[`all arbitrary values usages Filters Backdrop Brightness 2`] = `"backdrop-brightness-_l_1_dot_75_r_"`;

exports[`all arbitrary values usages Filters Backdrop Contrast 1`] = `"backdrop-contrast-_l_50_pct__r_"`;

exports[`all arbitrary values usages Filters Backdrop Contrast 2`] = `"backdrop-contrast-_l_1_dot_75_r_"`;

exports[`all arbitrary values usages Filters Backdrop Contrast 3`] = `"backdrop-contrast-_l__dot_25_r_"`;

exports[`all arbitrary values usages Filters Backdrop Grayscale 1`] = `"backdrop-grayscale-_l_50_pct__r_"`;

exports[`all arbitrary values usages Filters Backdrop Grayscale 2`] = `"backdrop-grayscale-_l_1_dot_75_r_"`;

exports[`all arbitrary values usages Filters Backdrop Grayscale 3`] = `"backdrop-grayscale-_l__dot_25_r_"`;

exports[`all arbitrary values usages Filters Backdrop Hue Rotate 1`] = `"backdrop-hue-rotate-_l_90deg_r_"`;

exports[`all arbitrary values usages Filters Backdrop Hue Rotate 2`] = `"backdrop-hue-rotate-_l_270deg_r_"`;

exports[`all arbitrary values usages Filters Backdrop Invert 1`] = `"backdrop-invert-_l_50_pct__r_"`;

exports[`all arbitrary values usages Filters Backdrop Invert 2`] = `"backdrop-invert-_l_1_dot_75_r_"`;

exports[`all arbitrary values usages Filters Backdrop Invert 3`] = `"backdrop-invert-_l__dot_25_r_"`;

exports[`all arbitrary values usages Filters Backdrop Opacity 1`] = `"backdrop-opacity-_l_0_dot_5_r_"`;

exports[`all arbitrary values usages Filters Backdrop Opacity 2`] = `"backdrop-opacity-_l__dot_67_r_"`;

exports[`all arbitrary values usages Filters Backdrop Opacity 3`] = `"backdrop-opacity-_l_1_r_"`;

exports[`all arbitrary values usages Filters Backdrop Saturate 1`] = `"backdrop-saturate-_l_50_pct__r_"`;

exports[`all arbitrary values usages Filters Backdrop Saturate 2`] = `"backdrop-saturate-_l_1_dot_75_r_"`;

exports[`all arbitrary values usages Filters Backdrop Saturate 3`] = `"backdrop-saturate-_l__dot_25_r_"`;

exports[`all arbitrary values usages Filters Backdrop Sepia 1`] = `"backdrop-sepia-_l_50_pct__r_"`;

exports[`all arbitrary values usages Filters Backdrop Sepia 2`] = `"backdrop-sepia-_l_1_dot_75_r_"`;

exports[`all arbitrary values usages Filters Backdrop Sepia 3`] = `"backdrop-sepia-_l__dot_25_r_"`;

exports[`all arbitrary values usages Filters Blur 1`] = `"blur-_l_10px_r_"`;

exports[`all arbitrary values usages Filters Brightness 1`] = `"brightness-_l_50_pct__r_"`;

exports[`all arbitrary values usages Filters Brightness 2`] = `"brightness-_l_1_dot_75_r_"`;

exports[`all arbitrary values usages Filters Contrast 1`] = `"contrast-_l_50_pct__r_"`;

exports[`all arbitrary values usages Filters Contrast 2`] = `"contrast-_l_1_dot_75_r_"`;

exports[`all arbitrary values usages Filters Contrast 3`] = `"contrast-_l__dot_25_r_"`;

exports[`all arbitrary values usages Filters Drop Shadow 1`] = `"drop-shadow-_l_0_0_0_0__h_50d71e_r_"`;

exports[`all arbitrary values usages Filters Drop Shadow 2`] = `"drop-shadow-_l_0_35px_35px_rgba_p_0_d_0_d_0_d_0_dot_25_q__r_"`;

exports[`all arbitrary values usages Filters Grayscale 1`] = `"grayscale-_l_50_pct__r_"`;

exports[`all arbitrary values usages Filters Grayscale 2`] = `"grayscale-_l_1_dot_75_r_"`;

exports[`all arbitrary values usages Filters Grayscale 3`] = `"grayscale-_l__dot_25_r_"`;

exports[`all arbitrary values usages Filters Hue Rotate 1`] = `"hue-rotate-_l_90deg_r_"`;

exports[`all arbitrary values usages Filters Hue Rotate 2`] = `"hue-rotate-_l_270deg_r_"`;

exports[`all arbitrary values usages Filters Invert 1`] = `"invert-_l_50_pct__r_"`;

exports[`all arbitrary values usages Filters Invert 2`] = `"invert-_l_1_dot_75_r_"`;

exports[`all arbitrary values usages Filters Invert 3`] = `"invert-_l__dot_25_r_"`;

exports[`all arbitrary values usages Filters Saturate 1`] = `"saturate-_l_50_pct__r_"`;

exports[`all arbitrary values usages Filters Saturate 2`] = `"saturate-_l_1_dot_75_r_"`;

exports[`all arbitrary values usages Filters Saturate 3`] = `"saturate-_l__dot_25_r_"`;

exports[`all arbitrary values usages Filters Sepia 1`] = `"sepia-_l_50_pct__r_"`;

exports[`all arbitrary values usages Filters Sepia 2`] = `"sepia-_l_1_dot_75_r_"`;

exports[`all arbitrary values usages Filters Sepia 3`] = `"sepia-_l__dot_25_r_"`;

exports[`all arbitrary values usages Flexbox & Grid Flex 1`] = `"flex-_l_2_2_0_pct__r_"`;

exports[`all arbitrary values usages Flexbox & Grid Flex Basis 1`] = `"basis-_l_14_dot_2857143_pct__r_"`;

exports[`all arbitrary values usages Flexbox & Grid Flex Grow 1`] = `"grow-_l_2_r_"`;

exports[`all arbitrary values usages Flexbox & Grid Flex Shrink 1`] = `"shrink-_l_2_r_"`;

exports[`all arbitrary values usages Flexbox & Grid Gap 1`] = `"gap-_l_2_dot_75rem_r_"`;

exports[`all arbitrary values usages Flexbox & Grid Grid Auto Columns 1`] = `"auto-cols-_l_minmax_p_0_d__2fr_q__r_"`;

exports[`all arbitrary values usages Flexbox & Grid Grid Auto Rows 1`] = `"auto-rows-_l_minmax_p_0_d__2fr_q__r_"`;

exports[`all arbitrary values usages Flexbox & Grid Grid Column Start / End 1`] = `"col-_l_16__div__span_16_r_"`;

exports[`all arbitrary values usages Flexbox & Grid Grid Row Start / End 1`] = `"row-_l_span_16__div__span_16_r_"`;

exports[`all arbitrary values usages Flexbox & Grid Grid Template Columns 1`] = `"grid-cols-_l_200px_minmax_p_900px_d__1fr_q__100px_r_"`;

exports[`all arbitrary values usages Flexbox & Grid Grid Template Rows 1`] = `"grid-rows-_l_200px_minmax_p_900px_d__1fr_q__100px_r_"`;

exports[`all arbitrary values usages Flexbox & Grid Order 1`] = `"order-_l_13_r_"`;

exports[`all arbitrary values usages Interactivity Accent Color 1`] = `"accent-_l__h_50d71e_r_"`;

exports[`all arbitrary values usages Interactivity Caret Color 1`] = `"caret-_l__h_50d71e_r_"`;

exports[`all arbitrary values usages Interactivity Caret Size 1`] = `"caret-_l_10px_r_"`;

exports[`all arbitrary values usages Interactivity Caret Size 2`] = `"caret-_l_20px_r_"`;

exports[`all arbitrary values usages Interactivity Caret Size 3`] = `"caret-_l_30px_r_"`;

exports[`all arbitrary values usages Interactivity Caret Size 4`] = `"caret-_l_40px_r_"`;

exports[`all arbitrary values usages Interactivity Caret Size 5`] = `"caret-_l_50px_r_"`;

exports[`all arbitrary values usages Interactivity Caret Size 6`] = `"caret-_l_60px_r_"`;

exports[`all arbitrary values usages Interactivity Caret Size 7`] = `"caret-_l_70px_r_"`;

exports[`all arbitrary values usages Interactivity Caret Size 8`] = `"caret-_l_80px_r_"`;

exports[`all arbitrary values usages Interactivity Caret Size 9`] = `"caret-_l_90px_r_"`;

exports[`all arbitrary values usages Interactivity Caret Size 10`] = `"caret-_l_100px_r_"`;

exports[`all arbitrary values usages Interactivity Cursor 1`] = `"cursor-_l_url_p_hand_dot_cur_q__d__pointer_r_"`;

exports[`all arbitrary values usages Interactivity Cursor 2`] = `"cursor-_l_pointer_r_"`;

exports[`all arbitrary values usages Interactivity Cursor 3`] = `"cursor-_l_zoom-in_r_"`;

exports[`all arbitrary values usages Interactivity Cursor 4`] = `"cursor-_l_zoom-out_r_"`;

exports[`all arbitrary values usages Interactivity Cursor 5`] = `"cursor-_l_grab_r_"`;

exports[`all arbitrary values usages Interactivity Cursor 6`] = `"cursor-_l_grabbing_r_"`;

exports[`all arbitrary values usages Interactivity Cursor 7`] = `"cursor-_l_not-allowed_r_"`;

exports[`all arbitrary values usages Interactivity Pointer Events 1`] = `"pointer-events-_l_auto_r_"`;

exports[`all arbitrary values usages Interactivity Pointer Events 2`] = `"pointer-events-_l_none_r_"`;

exports[`all arbitrary values usages Interactivity Pointer Events 3`] = `"pointer-events-_l_box-only_r_"`;

exports[`all arbitrary values usages Interactivity Pointer Events 4`] = `"pointer-events-_l_box-none_r_"`;

exports[`all arbitrary values usages Interactivity Pointer Events 5`] = `"pointer-events-_l_all_r_"`;

exports[`all arbitrary values usages Interactivity Scroll Margin 1`] = `"scroll-m-_l_24rem_r_"`;

exports[`all arbitrary values usages Interactivity Scroll Margin 2`] = `"scroll-margin-_l_10px_20px_r_"`;

exports[`all arbitrary values usages Interactivity Scroll Margin 3`] = `"scroll-margin-_l_20px_30px_r_"`;

exports[`all arbitrary values usages Interactivity Scroll Margin 4`] = `"scroll-margin-y-_l_17rem_r_"`;

exports[`all arbitrary values usages Interactivity Scroll Padding 1`] = `"scroll-p-_l_24rem_r_"`;

exports[`all arbitrary values usages Interactivity Scroll Padding 2`] = `"scroll-padding-_l_10px_20px_r_"`;

exports[`all arbitrary values usages Interactivity Scroll Padding 3`] = `"scroll-padding-_l_20px_30px_r_"`;

exports[`all arbitrary values usages Interactivity Scroll Padding 4`] = `"scroll-padding-y-_l_17rem_r_"`;

exports[`all arbitrary values usages Interactivity Tap Highlight Color 1`] = `"tap-highlight-color-_l__h_50d71e_r_"`;

exports[`all arbitrary values usages Interactivity Tap Highlight Color Opacity 1`] = `"tap-highlight-color-opacity-_l_0_dot_5_r_"`;

exports[`all arbitrary values usages Interactivity Tap Highlight Color Opacity 2`] = `"tap-highlight-color-opacity-_l__dot_67_r_"`;

exports[`all arbitrary values usages Interactivity Tap Highlight Color Opacity 3`] = `"tap-highlight-color-opacity-_l_1_r_"`;

exports[`all arbitrary values usages Interactivity Touch Action 1`] = `"touch-action-_l_auto_r_"`;

exports[`all arbitrary values usages Interactivity Touch Action 2`] = `"touch-action-_l_pan-x_r_"`;

exports[`all arbitrary values usages Interactivity Touch Action 3`] = `"touch-action-_l_pan-y_r_"`;

exports[`all arbitrary values usages Interactivity Touch Action 4`] = `"touch-action-_l_pan-x-y_r_"`;

exports[`all arbitrary values usages Interactivity Touch Action 5`] = `"touch-action-_l_none_r_"`;

exports[`all arbitrary values usages Interactivity Touch Callout 1`] = `"touch-callout-_l_none_r_"`;

exports[`all arbitrary values usages Interactivity Touch Callout 2`] = `"touch-callout-_l_default_r_"`;

exports[`all arbitrary values usages Interactivity Touch Callout 3`] = `"touch-callout-_l_none_default_r_"`;

exports[`all arbitrary values usages Interactivity Touch Callout 4`] = `"touch-callout-_l_default_none_r_"`;

exports[`all arbitrary values usages Interactivity Touch Callout 5`] = `"touch-callout-_l_none_default_auto_r_"`;

exports[`all arbitrary values usages Interactivity Touch Callout 6`] = `"touch-callout-_l_auto_none_default_r_"`;

exports[`all arbitrary values usages Interactivity User Drag 1`] = `"user-drag-_l_auto_r_"`;

exports[`all arbitrary values usages Interactivity User Drag 2`] = `"user-drag-_l_element_r_"`;

exports[`all arbitrary values usages Interactivity User Drag 3`] = `"user-drag-_l_element_none_r_"`;

exports[`all arbitrary values usages Interactivity User Drag 4`] = `"user-drag-_l_none_element_r_"`;

exports[`all arbitrary values usages Interactivity User Drag 5`] = `"user-drag-_l_element_auto_r_"`;

exports[`all arbitrary values usages Interactivity User Drag 6`] = `"user-drag-_l_auto_element_r_"`;

exports[`all arbitrary values usages Interactivity User Select 1`] = `"user-select-_l_none_r_"`;

exports[`all arbitrary values usages Interactivity User Select 2`] = `"user-select-_l_text_r_"`;

exports[`all arbitrary values usages Interactivity User Select 3`] = `"user-select-_l_all_r_"`;

exports[`all arbitrary values usages Interactivity Will Change 1`] = `"will-change-_l_top_d_left_r_"`;

exports[`all arbitrary values usages Layout Aspect Ratio 1`] = `"aspect-_l_4_div_3_r_"`;

exports[`all arbitrary values usages Layout Columns 1`] = `"columns-_l_10rem_r_"`;

exports[`all arbitrary values usages Layout Object Position 1`] = `"object-_l_center_bottom_r_"`;

exports[`all arbitrary values usages Layout Top / Right / Bottom / Left 1`] = `"top-_l_3px_r_"`;

exports[`all arbitrary values usages Layout Z-Index 1`] = `"z-_l_100_r_"`;

exports[`all arbitrary values usages SVG Fill 1`] = `"fill-_l__h_243c5a_r_"`;

exports[`all arbitrary values usages SVG Stroke 1`] = `"stroke-_l__h_243c5a_r_"`;

exports[`all arbitrary values usages SVG Stroke Width 1`] = `"stroke-_l_2px_r_"`;

exports[`all arbitrary values usages Sizing Height 1`] = `"h-_l_32rem_r_"`;

exports[`all arbitrary values usages Sizing Max-Height 1`] = `"max-h-_l_32rem_r_"`;

exports[`all arbitrary values usages Sizing Max-Width 1`] = `"max-w-_l_50_pct__r_"`;

exports[`all arbitrary values usages Sizing Min-Height 1`] = `"min-h-_l_50_pct__r_"`;

exports[`all arbitrary values usages Sizing Min-Width 1`] = `"min-w-_l_50_pct__r_"`;

exports[`all arbitrary values usages Sizing Width 1`] = `"w-_l_32rem_r_"`;

exports[`all arbitrary values usages Spacing Margin 1`] = `"m-_l_5px_r_"`;

exports[`all arbitrary values usages Spacing Padding 1`] = `"p-_l_5px_r_"`;

exports[`all arbitrary values usages Spacing Space Between 1`] = `"space-y-_l_5px_r_"`;

exports[`all arbitrary values usages Transforms Rotate 1`] = `"rotate-_l_90deg_r_"`;

exports[`all arbitrary values usages Transforms Rotate 2`] = `"rotate-_l_180deg_r_"`;

exports[`all arbitrary values usages Transforms Scale 1`] = `"scale-_l_1_dot_5_r_"`;

exports[`all arbitrary values usages Transforms Scale 2`] = `"scale-_l_2_r_"`;

exports[`all arbitrary values usages Transforms Skew 1`] = `"skew-_l_10deg_r_"`;

exports[`all arbitrary values usages Transforms Skew 2`] = `"skew-_l_20deg_r_"`;

exports[`all arbitrary values usages Transforms Transform Origin 1`] = `"origin-_l_center_center_r_"`;

exports[`all arbitrary values usages Transforms Transform Origin 2`] = `"origin-_l_center_top_r_"`;

exports[`all arbitrary values usages Transforms Transform Origin 3`] = `"origin-_l_center_bottom_r_"`;

exports[`all arbitrary values usages Transforms Transform Origin 4`] = `"origin-_l_left_center_r_"`;

exports[`all arbitrary values usages Transforms Transform Origin 5`] = `"origin-_l_left_top_r_"`;

exports[`all arbitrary values usages Transforms Transform Origin 6`] = `"origin-_l_left_bottom_r_"`;

exports[`all arbitrary values usages Transforms Transform Origin 7`] = `"origin-_l_right_center_r_"`;

exports[`all arbitrary values usages Transforms Transform Origin 8`] = `"origin-_l_right_top_r_"`;

exports[`all arbitrary values usages Transforms Transform Origin 9`] = `"origin-_l_right_bottom_r_"`;

exports[`all arbitrary values usages Transforms Transform Origin 10`] = `"origin-_l_top_center_r_"`;

exports[`all arbitrary values usages Transforms Transform Origin 11`] = `"origin-_l_top_left_r_"`;

exports[`all arbitrary values usages Transforms Transform Origin 12`] = `"origin-_l_top_right_r_"`;

exports[`all arbitrary values usages Transforms Transform Origin 13`] = `"origin-_l_bottom_center_r_"`;

exports[`all arbitrary values usages Transforms Transform Origin 14`] = `"origin-_l_bottom_left_r_"`;

exports[`all arbitrary values usages Transforms Transform Origin 15`] = `"origin-_l_bottom_right_r_"`;

exports[`all arbitrary values usages Transforms Transform Origin 16`] = `"origin-_l_33_pct__75_pct__r_"`;

exports[`all arbitrary values usages Transforms Translate 1`] = `"translate-_l_10px_20px_r_"`;

exports[`all arbitrary values usages Transforms Translate 2`] = `"translate-_l_20px_30px_r_"`;

exports[`all arbitrary values usages Transforms Translate 3`] = `"translate-y-_l_17rem_r_"`;

exports[`all arbitrary values usages Transitions & Animation Animation 1`] = `"animate-_l_wiggle_1s_ease-in-out_infinite_r_"`;

exports[`all arbitrary values usages Transitions & Animation Animation 2`] = `"animate-_l_slide_1s_ease-in-out_infinite_r_"`;

exports[`all arbitrary values usages Transitions & Animation Animation 3`] = `"animate-_l_slide_1s_ease-in-out_infinite_backwards_r_"`;

exports[`all arbitrary values usages Transitions & Animation Transition Delay 1`] = `"delay-_l_2000ms_r_"`;

exports[`all arbitrary values usages Transitions & Animation Transition Delay 2`] = `"delay-_l_1s_r_"`;

exports[`all arbitrary values usages Transitions & Animation Transition Delay 3`] = `"delay-_l_2s_r_"`;

exports[`all arbitrary values usages Transitions & Animation Transition Duration 1`] = `"duration-_l_2000ms_r_"`;

exports[`all arbitrary values usages Transitions & Animation Transition Duration 2`] = `"duration-_l_1s_r_"`;

exports[`all arbitrary values usages Transitions & Animation Transition Duration 3`] = `"duration-_l_2s_r_"`;

exports[`all arbitrary values usages Transitions & Animation Transition Property 1`] = `"transition-property-_l_all_r_"`;

exports[`all arbitrary values usages Transitions & Animation Transition Property 2`] = `"transition-property-_l_background-color_r_"`;

exports[`all arbitrary values usages Transitions & Animation Transition Property 3`] = `"transition-_l_height_r_"`;

exports[`all arbitrary values usages Transitions & Animation Transition Timing Function 1`] = `"ease-_l_cubic-bezier_p_0_dot_95_d_0_dot_05_d_0_dot_795_d_0_dot_035_q__r_"`;

exports[`all arbitrary values usages Typography Content 1`] = `"before_c_content-_l__y_Hello_World_y__r_"`;

exports[`all arbitrary values usages Typography Font Family 1`] = `"font-_l__y_Open_Sans_y__r_"`;

exports[`all arbitrary values usages Typography Font Size 1`] = `"text-_l_14px_r_"`;

exports[`all arbitrary values usages Typography Font Weight 1`] = `"font-_l_1100_r_"`;

exports[`all arbitrary values usages Typography Letter Spacing 1`] = `"tracking-_l__dot_25em_r_"`;

exports[`all arbitrary values usages Typography Line Height 1`] = `"leading-_l_3rem_r_"`;

exports[`all arbitrary values usages Typography List Style Type 1`] = `"list-_l_upper-roman_r_"`;

exports[`all arbitrary values usages Typography Text Color 1`] = `"text-_l__h_50d71e_r_"`;

exports[`all arbitrary values usages Typography Text Decoration Color 1`] = `"decoration-_l__h_50d71e_r_"`;

exports[`all arbitrary values usages Typography Text Decoration Thickness 1`] = `"decoration-_l_3px_r_"`;

exports[`all arbitrary values usages Typography Text Indent 1`] = `"indent-_l_50_pct__r_"`;

exports[`all arbitrary values usages Typography Text Underline Offset 1`] = `"underline-offset-_l_3px_r_"`;
