// Jest Snapshot v1, https://goo.gl/fbAQLP

exports[`jsxHandler multiple file no end issue 1`] = `
{
  "code": "import { createVNode as _createVNode, createTextVNode as _createTextVNode } from "vue";
import { defineComponent } from 'vue';
import { View, Button } from '@tarojs/components';
export default defineComponent({
  components: {
    View: View,
    Button: Button
  },
  setup: function setup(props, ctx) {
    return function () {
      return _createVNode(View, {
        "class": 'text-amber-300'
      }, {
        default: function _default() {
          return [_createVNode(View, {
            "class": "text-center text-_bl_50px_br_ text-_bl__h_123456_br_ mt-_bl_22px_br_",
            "hover-class": "text-_bl__h_654321_br_"
          }, {
            default: function _default() {
              return [_createTextVNode("components ui")];
            }
          })];
        }
      });
    };
  }
});",
  "decodedMap": undefined,
  "map": null,
  "rawMappings": undefined,
}
`;
