// Vitest Snapshot v1, https://vitest.dev/guide/snapshot.html

exports[`styles > snap 1`] = `
{
  "2xl": {
    "css": [
      {
        "> ol > li > *:first-child": {
          "marginTop": "1.3333333em",
        },
        "> ol > li > *:last-child": {
          "marginBottom": "1.3333333em",
        },
        "> ul > li > *:first-child": {
          "marginTop": "1.3333333em",
        },
        "> ul > li > *:last-child": {
          "marginBottom": "1.3333333em",
        },
        "> ul > li p": {
          "marginBottom": "0.8333333em",
          "marginTop": "0.8333333em",
        },
        "[class~="lead"]": {
          "fontSize": "1.25em",
          "lineHeight": "1.4666667",
          "marginBottom": "1.0666667em",
          "marginTop": "1.0666667em",
        },
        "blockquote": {
          "marginBottom": "1.7777778em",
          "marginTop": "1.7777778em",
          "paddingLeft": "1.1111111em",
        },
        "code": {
          "fontSize": "0.8333333em",
        },
        "dd": {
          "marginTop": "0.5em",
          "paddingLeft": "1.5833333em",
        },
        "dl": {
          "marginBottom": "1.3333333em",
          "marginTop": "1.3333333em",
        },
        "dt": {
          "marginTop": "1.3333333em",
        },
        "figcaption": {
          "fontSize": "0.8333333em",
          "lineHeight": "1.6",
          "marginTop": "1em",
        },
        "figure": {
          "marginBottom": "2em",
          "marginTop": "2em",
        },
        "figure > *": {
          "marginBottom": "0",
          "marginTop": "0",
        },
        "fontSize": "1.5rem",
        "h1": {
          "fontSize": "2.6666667em",
          "lineHeight": "1",
          "marginBottom": "0.875em",
          "marginTop": "0",
        },
        "h2": {
          "fontSize": "2em",
          "lineHeight": "1.0833333",
          "marginBottom": "0.8333333em",
          "marginTop": "1.5em",
        },
        "h2 + *": {
          "marginTop": "0",
        },
        "h2 code": {
          "fontSize": "0.875em",
        },
        "h3": {
          "fontSize": "1.5em",
          "lineHeight": "1.2222222",
          "marginBottom": "0.6666667em",
          "marginTop": "1.5555556em",
        },
        "h3 + *": {
          "marginTop": "0",
        },
        "h3 code": {
          "fontSize": "0.8888889em",
        },
        "h4": {
          "lineHeight": "1.5",
          "marginBottom": "0.6666667em",
          "marginTop": "1.6666667em",
        },
        "h4 + *": {
          "marginTop": "0",
        },
        "hr": {
          "marginBottom": "3em",
          "marginTop": "3em",
        },
        "hr + *": {
          "marginTop": "0",
        },
        "img": {
          "marginBottom": "2em",
          "marginTop": "2em",
        },
        "kbd": {
          "borderRadius": "0.375rem",
          "fontSize": "0.8333333em",
          "paddingBottom": "0.25em",
          "paddingLeft": "0.3333333em",
          "paddingRight": "0.3333333em",
          "paddingTop": "0.25em",
        },
        "li": {
          "marginBottom": "0.5em",
          "marginTop": "0.5em",
        },
        "lineHeight": "1.6666667",
        "ol": {
          "marginBottom": "1.3333333em",
          "marginTop": "1.3333333em",
          "paddingLeft": "1.5833333em",
        },
        "ol > li": {
          "paddingLeft": "0.4166667em",
        },
        "p": {
          "marginBottom": "1.3333333em",
          "marginTop": "1.3333333em",
        },
        "picture": {
          "marginBottom": "2em",
          "marginTop": "2em",
        },
        "picture > img": {
          "marginBottom": "0",
          "marginTop": "0",
        },
        "pre": {
          "borderRadius": "0.5rem",
          "fontSize": "0.8333333em",
          "lineHeight": "1.8",
          "marginBottom": "2em",
          "marginTop": "2em",
          "paddingBottom": "1.2em",
          "paddingLeft": "1.6em",
          "paddingRight": "1.6em",
          "paddingTop": "1.2em",
        },
        "table": {
          "fontSize": "0.8333333em",
          "lineHeight": "1.4",
        },
        "tbody td, tfoot td": {
          "paddingBottom": "0.8em",
          "paddingLeft": "0.6em",
          "paddingRight": "0.6em",
          "paddingTop": "0.8em",
        },
        "tbody td:first-child, tfoot td:first-child": {
          "paddingLeft": "0",
        },
        "tbody td:last-child, tfoot td:last-child": {
          "paddingRight": "0",
        },
        "thead th": {
          "paddingBottom": "0.8em",
          "paddingLeft": "0.6em",
          "paddingRight": "0.6em",
        },
        "thead th:first-child": {
          "paddingLeft": "0",
        },
        "thead th:last-child": {
          "paddingRight": "0",
        },
        "ul": {
          "marginBottom": "1.3333333em",
          "marginTop": "1.3333333em",
          "paddingLeft": "1.5833333em",
        },
        "ul > li": {
          "paddingLeft": "0.4166667em",
        },
        "ul ul, ul ol, ol ul, ol ol": {
          "marginBottom": "0.6666667em",
          "marginTop": "0.6666667em",
        },
        "video": {
          "marginBottom": "2em",
          "marginTop": "2em",
        },
      },
    ],
  },
  "DEFAULT": {
    "css": [
      {
        "[class~="lead"]": {
          "color": "var(--tw-prose-lead)",
        },
        "a": {
          "color": "var(--tw-prose-links)",
          "fontWeight": "500",
          "textDecoration": "underline",
        },
        "a code": {
          "color": "inherit",
        },
        "a strong": {
          "color": "inherit",
        },
        "blockquote": {
          "borderLeftColor": "var(--tw-prose-quote-borders)",
          "borderLeftWidth": "0.25rem",
          "color": "var(--tw-prose-quotes)",
          "fontStyle": "italic",
          "fontWeight": "500",
          "quotes": ""\\201C""\\201D""\\2018""\\2019"",
        },
        "blockquote code": {
          "color": "inherit",
        },
        "blockquote p:first-of-type::before": {
          "content": "open-quote",
        },
        "blockquote p:last-of-type::after": {
          "content": "close-quote",
        },
        "blockquote strong": {
          "color": "inherit",
        },
        "code": {
          "color": "var(--tw-prose-code)",
          "fontWeight": "600",
        },
        "code::after": {
          "content": ""\`"",
        },
        "code::before": {
          "content": ""\`"",
        },
        "color": "var(--tw-prose-body)",
        "dt": {
          "color": "var(--tw-prose-headings)",
          "fontWeight": "600",
        },
        "figcaption": {
          "color": "var(--tw-prose-captions)",
        },
        "figure > *": {},
        "h1": {
          "color": "var(--tw-prose-headings)",
          "fontWeight": "800",
        },
        "h1 code": {
          "color": "inherit",
        },
        "h1 strong": {
          "color": "inherit",
          "fontWeight": "900",
        },
        "h2": {
          "color": "var(--tw-prose-headings)",
          "fontWeight": "700",
        },
        "h2 code": {
          "color": "inherit",
        },
        "h2 strong": {
          "color": "inherit",
          "fontWeight": "800",
        },
        "h3": {
          "color": "var(--tw-prose-headings)",
          "fontWeight": "600",
        },
        "h3 code": {
          "color": "inherit",
        },
        "h3 strong": {
          "color": "inherit",
          "fontWeight": "700",
        },
        "h4": {
          "color": "var(--tw-prose-headings)",
          "fontWeight": "600",
        },
        "h4 code": {
          "color": "inherit",
        },
        "h4 strong": {
          "color": "inherit",
          "fontWeight": "700",
        },
        "hr": {
          "borderColor": "var(--tw-prose-hr)",
          "borderTopWidth": 1,
        },
        "img": {},
        "kbd": {
          "boxShadow": "0 0 0 1px rgb(var(--tw-prose-kbd-shadows) / 10%), 0 3px 0 rgb(var(--tw-prose-kbd-shadows) / 10%)",
          "color": "var(--tw-prose-kbd)",
          "fontFamily": "inherit",
          "fontWeight": "500",
        },
        "maxWidth": "65ch",
        "ol": {
          "listStyleType": "decimal",
        },
        "ol > li::marker": {
          "color": "var(--tw-prose-counters)",
          "fontWeight": "400",
        },
        "ol[type="1"]": {
          "listStyleType": "decimal",
        },
        "ol[type="A"]": {
          "listStyleType": "upper-alpha",
        },
        "ol[type="I"]": {
          "listStyleType": "upper-roman",
        },
        "ol[type="a"]": {
          "listStyleType": "lower-alpha",
        },
        "ol[type="i"]": {
          "listStyleType": "lower-roman",
        },
        "p": {},
        "picture": {
          "display": "block",
        },
        "pre": {
          "backgroundColor": "var(--tw-prose-pre-bg)",
          "color": "var(--tw-prose-pre-code)",
          "fontWeight": "400",
          "overflowX": "auto",
        },
        "pre code": {
          "backgroundColor": "transparent",
          "borderRadius": "0",
          "borderWidth": "0",
          "color": "inherit",
          "fontFamily": "inherit",
          "fontSize": "inherit",
          "fontWeight": "inherit",
          "lineHeight": "inherit",
          "padding": "0",
        },
        "pre code::after": {
          "content": "none",
        },
        "pre code::before": {
          "content": "none",
        },
        "strong": {
          "color": "var(--tw-prose-bold)",
          "fontWeight": "600",
        },
        "table": {
          "marginBottom": "2em",
          "marginTop": "2em",
          "tableLayout": "auto",
          "textAlign": "left",
          "width": "100%",
        },
        "tbody td": {
          "verticalAlign": "baseline",
        },
        "tbody tr": {
          "borderBottomColor": "var(--tw-prose-td-borders)",
          "borderBottomWidth": "1px",
        },
        "tbody tr:last-child": {
          "borderBottomWidth": "0",
        },
        "tfoot": {
          "borderTopColor": "var(--tw-prose-th-borders)",
          "borderTopWidth": "1px",
        },
        "tfoot td": {
          "verticalAlign": "top",
        },
        "thead": {
          "borderBottomColor": "var(--tw-prose-th-borders)",
          "borderBottomWidth": "1px",
        },
        "thead th": {
          "color": "var(--tw-prose-headings)",
          "fontWeight": "600",
          "verticalAlign": "bottom",
        },
        "thead th code": {
          "color": "inherit",
        },
        "thead th strong": {
          "color": "inherit",
        },
        "ul": {
          "listStyleType": "disc",
        },
        "ul > li::marker": {
          "color": "var(--tw-prose-bullets)",
        },
      },
      {
        "--tw-prose-body": "oklch(37.3% 0.034 259.733)",
        "--tw-prose-bold": "oklch(21% 0.034 264.665)",
        "--tw-prose-bullets": "oklch(87.2% 0.01 258.338)",
        "--tw-prose-captions": "oklch(55.1% 0.027 264.364)",
        "--tw-prose-code": "oklch(21% 0.034 264.665)",
        "--tw-prose-counters": "oklch(55.1% 0.027 264.364)",
        "--tw-prose-headings": "oklch(21% 0.034 264.665)",
        "--tw-prose-hr": "oklch(92.8% 0.006 264.531)",
        "--tw-prose-invert-body": "oklch(87.2% 0.01 258.338)",
        "--tw-prose-invert-bold": "#fff",
        "--tw-prose-invert-bullets": "oklch(44.6% 0.03 256.802)",
        "--tw-prose-invert-captions": "oklch(70.7% 0.022 261.325)",
        "--tw-prose-invert-code": "#fff",
        "--tw-prose-invert-counters": "oklch(70.7% 0.022 261.325)",
        "--tw-prose-invert-headings": "#fff",
        "--tw-prose-invert-hr": "oklch(37.3% 0.034 259.733)",
        "--tw-prose-invert-kbd": "#fff",
        "--tw-prose-invert-kbd-shadows": "255 255 255",
        "--tw-prose-invert-lead": "oklch(70.7% 0.022 261.325)",
        "--tw-prose-invert-links": "#fff",
        "--tw-prose-invert-pre-bg": "rgb(0 0 0 / 50%)",
        "--tw-prose-invert-pre-code": "oklch(87.2% 0.01 258.338)",
        "--tw-prose-invert-quote-borders": "oklch(37.3% 0.034 259.733)",
        "--tw-prose-invert-quotes": "oklch(96.7% 0.003 264.542)",
        "--tw-prose-invert-td-borders": "oklch(37.3% 0.034 259.733)",
        "--tw-prose-invert-th-borders": "oklch(44.6% 0.03 256.802)",
        "--tw-prose-kbd": "oklch(21% 0.034 264.665)",
        "--tw-prose-kbd-shadows": "NaN NaN NaN",
        "--tw-prose-lead": "oklch(44.6% 0.03 256.802)",
        "--tw-prose-links": "oklch(21% 0.034 264.665)",
        "--tw-prose-pre-bg": "oklch(27.8% 0.033 256.848)",
        "--tw-prose-pre-code": "oklch(92.8% 0.006 264.531)",
        "--tw-prose-quote-borders": "oklch(92.8% 0.006 264.531)",
        "--tw-prose-quotes": "oklch(21% 0.034 264.665)",
        "--tw-prose-td-borders": "oklch(92.8% 0.006 264.531)",
        "--tw-prose-th-borders": "oklch(87.2% 0.01 258.338)",
      },
      {
        "> ol > li > *:first-child": {
          "marginTop": "1.25em",
        },
        "> ol > li > *:last-child": {
          "marginBottom": "1.25em",
        },
        "> ul > li > *:first-child": {
          "marginTop": "1.25em",
        },
        "> ul > li > *:last-child": {
          "marginBottom": "1.25em",
        },
        "> ul > li p": {
          "marginBottom": "0.75em",
          "marginTop": "0.75em",
        },
        "[class~="lead"]": {
          "fontSize": "1.25em",
          "lineHeight": "1.6",
          "marginBottom": "1.2em",
          "marginTop": "1.2em",
        },
        "blockquote": {
          "marginBottom": "1.6em",
          "marginTop": "1.6em",
          "paddingLeft": "1em",
        },
        "code": {
          "fontSize": "0.875em",
        },
        "dd": {
          "marginTop": "0.5em",
          "paddingLeft": "1.625em",
        },
        "dl": {
          "marginBottom": "1.25em",
          "marginTop": "1.25em",
        },
        "dt": {
          "marginTop": "1.25em",
        },
        "figcaption": {
          "fontSize": "0.875em",
          "lineHeight": "1.4285714",
          "marginTop": "0.8571429em",
        },
        "figure": {
          "marginBottom": "2em",
          "marginTop": "2em",
        },
        "figure > *": {
          "marginBottom": "0",
          "marginTop": "0",
        },
        "fontSize": "1rem",
        "h1": {
          "fontSize": "2.25em",
          "lineHeight": "1.1111111",
          "marginBottom": "0.8888889em",
          "marginTop": "0",
        },
        "h2": {
          "fontSize": "1.5em",
          "lineHeight": "1.3333333",
          "marginBottom": "1em",
          "marginTop": "2em",
        },
        "h2 + *": {
          "marginTop": "0",
        },
        "h2 code": {
          "fontSize": "0.875em",
        },
        "h3": {
          "fontSize": "1.25em",
          "lineHeight": "1.6",
          "marginBottom": "0.6em",
          "marginTop": "1.6em",
        },
        "h3 + *": {
          "marginTop": "0",
        },
        "h3 code": {
          "fontSize": "0.9em",
        },
        "h4": {
          "lineHeight": "1.5",
          "marginBottom": "0.5em",
          "marginTop": "1.5em",
        },
        "h4 + *": {
          "marginTop": "0",
        },
        "hr": {
          "marginBottom": "3em",
          "marginTop": "3em",
        },
        "hr + *": {
          "marginTop": "0",
        },
        "img": {
          "marginBottom": "2em",
          "marginTop": "2em",
        },
        "kbd": {
          "borderRadius": "0.3125rem",
          "fontSize": "0.875em",
          "paddingBottom": "0.1875em",
          "paddingLeft": "0.375em",
          "paddingRight": "0.375em",
          "paddingTop": "0.1875em",
        },
        "li": {
          "marginBottom": "0.5em",
          "marginTop": "0.5em",
        },
        "lineHeight": "1.75",
        "ol": {
          "marginBottom": "1.25em",
          "marginTop": "1.25em",
          "paddingLeft": "1.625em",
        },
        "ol > li": {
          "paddingLeft": "0.375em",
        },
        "p": {
          "marginBottom": "1.25em",
          "marginTop": "1.25em",
        },
        "picture": {
          "marginBottom": "2em",
          "marginTop": "2em",
        },
        "picture > img": {
          "marginBottom": "0",
          "marginTop": "0",
        },
        "pre": {
          "borderRadius": "0.375rem",
          "fontSize": "0.875em",
          "lineHeight": "1.7142857",
          "marginBottom": "1.7142857em",
          "marginTop": "1.7142857em",
          "paddingBottom": "0.8571429em",
          "paddingLeft": "1.1428571em",
          "paddingRight": "1.1428571em",
          "paddingTop": "0.8571429em",
        },
        "table": {
          "fontSize": "0.875em",
          "lineHeight": "1.7142857",
        },
        "tbody td, tfoot td": {
          "paddingBottom": "0.5714286em",
          "paddingLeft": "0.5714286em",
          "paddingRight": "0.5714286em",
          "paddingTop": "0.5714286em",
        },
        "tbody td:first-child, tfoot td:first-child": {
          "paddingLeft": "0",
        },
        "tbody td:last-child, tfoot td:last-child": {
          "paddingRight": "0",
        },
        "thead th": {
          "paddingBottom": "0.5714286em",
          "paddingLeft": "0.5714286em",
          "paddingRight": "0.5714286em",
        },
        "thead th:first-child": {
          "paddingLeft": "0",
        },
        "thead th:last-child": {
          "paddingRight": "0",
        },
        "ul": {
          "marginBottom": "1.25em",
          "marginTop": "1.25em",
          "paddingLeft": "1.625em",
        },
        "ul > li": {
          "paddingLeft": "0.375em",
        },
        "ul ul, ul ol, ol ul, ol ol": {
          "marginBottom": "0.75em",
          "marginTop": "0.75em",
        },
        "video": {
          "marginBottom": "2em",
          "marginTop": "2em",
        },
      },
    ],
  },
  "amber": {
    "css": {
      "--tw-prose-invert-links": "oklch(76.9% 0.188 70.08)",
      "--tw-prose-links": "oklch(66.6% 0.179 58.318)",
    },
  },
  "base": {
    "css": [
      {
        "> ol > li > *:first-child": {
          "marginTop": "1.25em",
        },
        "> ol > li > *:last-child": {
          "marginBottom": "1.25em",
        },
        "> ul > li > *:first-child": {
          "marginTop": "1.25em",
        },
        "> ul > li > *:last-child": {
          "marginBottom": "1.25em",
        },
        "> ul > li p": {
          "marginBottom": "0.75em",
          "marginTop": "0.75em",
        },
        "[class~="lead"]": {
          "fontSize": "1.25em",
          "lineHeight": "1.6",
          "marginBottom": "1.2em",
          "marginTop": "1.2em",
        },
        "blockquote": {
          "marginBottom": "1.6em",
          "marginTop": "1.6em",
          "paddingLeft": "1em",
        },
        "code": {
          "fontSize": "0.875em",
        },
        "dd": {
          "marginTop": "0.5em",
          "paddingLeft": "1.625em",
        },
        "dl": {
          "marginBottom": "1.25em",
          "marginTop": "1.25em",
        },
        "dt": {
          "marginTop": "1.25em",
        },
        "figcaption": {
          "fontSize": "0.875em",
          "lineHeight": "1.4285714",
          "marginTop": "0.8571429em",
        },
        "figure": {
          "marginBottom": "2em",
          "marginTop": "2em",
        },
        "figure > *": {
          "marginBottom": "0",
          "marginTop": "0",
        },
        "fontSize": "1rem",
        "h1": {
          "fontSize": "2.25em",
          "lineHeight": "1.1111111",
          "marginBottom": "0.8888889em",
          "marginTop": "0",
        },
        "h2": {
          "fontSize": "1.5em",
          "lineHeight": "1.3333333",
          "marginBottom": "1em",
          "marginTop": "2em",
        },
        "h2 + *": {
          "marginTop": "0",
        },
        "h2 code": {
          "fontSize": "0.875em",
        },
        "h3": {
          "fontSize": "1.25em",
          "lineHeight": "1.6",
          "marginBottom": "0.6em",
          "marginTop": "1.6em",
        },
        "h3 + *": {
          "marginTop": "0",
        },
        "h3 code": {
          "fontSize": "0.9em",
        },
        "h4": {
          "lineHeight": "1.5",
          "marginBottom": "0.5em",
          "marginTop": "1.5em",
        },
        "h4 + *": {
          "marginTop": "0",
        },
        "hr": {
          "marginBottom": "3em",
          "marginTop": "3em",
        },
        "hr + *": {
          "marginTop": "0",
        },
        "img": {
          "marginBottom": "2em",
          "marginTop": "2em",
        },
        "kbd": {
          "borderRadius": "0.3125rem",
          "fontSize": "0.875em",
          "paddingBottom": "0.1875em",
          "paddingLeft": "0.375em",
          "paddingRight": "0.375em",
          "paddingTop": "0.1875em",
        },
        "li": {
          "marginBottom": "0.5em",
          "marginTop": "0.5em",
        },
        "lineHeight": "1.75",
        "ol": {
          "marginBottom": "1.25em",
          "marginTop": "1.25em",
          "paddingLeft": "1.625em",
        },
        "ol > li": {
          "paddingLeft": "0.375em",
        },
        "p": {
          "marginBottom": "1.25em",
          "marginTop": "1.25em",
        },
        "picture": {
          "marginBottom": "2em",
          "marginTop": "2em",
        },
        "picture > img": {
          "marginBottom": "0",
          "marginTop": "0",
        },
        "pre": {
          "borderRadius": "0.375rem",
          "fontSize": "0.875em",
          "lineHeight": "1.7142857",
          "marginBottom": "1.7142857em",
          "marginTop": "1.7142857em",
          "paddingBottom": "0.8571429em",
          "paddingLeft": "1.1428571em",
          "paddingRight": "1.1428571em",
          "paddingTop": "0.8571429em",
        },
        "table": {
          "fontSize": "0.875em",
          "lineHeight": "1.7142857",
        },
        "tbody td, tfoot td": {
          "paddingBottom": "0.5714286em",
          "paddingLeft": "0.5714286em",
          "paddingRight": "0.5714286em",
          "paddingTop": "0.5714286em",
        },
        "tbody td:first-child, tfoot td:first-child": {
          "paddingLeft": "0",
        },
        "tbody td:last-child, tfoot td:last-child": {
          "paddingRight": "0",
        },
        "thead th": {
          "paddingBottom": "0.5714286em",
          "paddingLeft": "0.5714286em",
          "paddingRight": "0.5714286em",
        },
        "thead th:first-child": {
          "paddingLeft": "0",
        },
        "thead th:last-child": {
          "paddingRight": "0",
        },
        "ul": {
          "marginBottom": "1.25em",
          "marginTop": "1.25em",
          "paddingLeft": "1.625em",
        },
        "ul > li": {
          "paddingLeft": "0.375em",
        },
        "ul ul, ul ol, ol ul, ol ol": {
          "marginBottom": "0.75em",
          "marginTop": "0.75em",
        },
        "video": {
          "marginBottom": "2em",
          "marginTop": "2em",
        },
      },
    ],
  },
  "blue": {
    "css": {
      "--tw-prose-invert-links": "oklch(62.3% 0.214 259.815)",
      "--tw-prose-links": "oklch(54.6% 0.245 262.881)",
    },
  },
  "cyan": {
    "css": {
      "--tw-prose-invert-links": "oklch(71.5% 0.143 215.221)",
      "--tw-prose-links": "oklch(60.9% 0.126 221.723)",
    },
  },
  "emerald": {
    "css": {
      "--tw-prose-invert-links": "oklch(69.6% 0.17 162.48)",
      "--tw-prose-links": "oklch(59.6% 0.145 163.225)",
    },
  },
  "fuchsia": {
    "css": {
      "--tw-prose-invert-links": "oklch(66.7% 0.295 322.15)",
      "--tw-prose-links": "oklch(59.1% 0.293 322.896)",
    },
  },
  "gray": {
    "css": {
      "--tw-prose-body": "oklch(37.3% 0.034 259.733)",
      "--tw-prose-bold": "oklch(21% 0.034 264.665)",
      "--tw-prose-bullets": "oklch(87.2% 0.01 258.338)",
      "--tw-prose-captions": "oklch(55.1% 0.027 264.364)",
      "--tw-prose-code": "oklch(21% 0.034 264.665)",
      "--tw-prose-counters": "oklch(55.1% 0.027 264.364)",
      "--tw-prose-headings": "oklch(21% 0.034 264.665)",
      "--tw-prose-hr": "oklch(92.8% 0.006 264.531)",
      "--tw-prose-invert-body": "oklch(87.2% 0.01 258.338)",
      "--tw-prose-invert-bold": "#fff",
      "--tw-prose-invert-bullets": "oklch(44.6% 0.03 256.802)",
      "--tw-prose-invert-captions": "oklch(70.7% 0.022 261.325)",
      "--tw-prose-invert-code": "#fff",
      "--tw-prose-invert-counters": "oklch(70.7% 0.022 261.325)",
      "--tw-prose-invert-headings": "#fff",
      "--tw-prose-invert-hr": "oklch(37.3% 0.034 259.733)",
      "--tw-prose-invert-kbd": "#fff",
      "--tw-prose-invert-kbd-shadows": "255 255 255",
      "--tw-prose-invert-lead": "oklch(70.7% 0.022 261.325)",
      "--tw-prose-invert-links": "#fff",
      "--tw-prose-invert-pre-bg": "rgb(0 0 0 / 50%)",
      "--tw-prose-invert-pre-code": "oklch(87.2% 0.01 258.338)",
      "--tw-prose-invert-quote-borders": "oklch(37.3% 0.034 259.733)",
      "--tw-prose-invert-quotes": "oklch(96.7% 0.003 264.542)",
      "--tw-prose-invert-td-borders": "oklch(37.3% 0.034 259.733)",
      "--tw-prose-invert-th-borders": "oklch(44.6% 0.03 256.802)",
      "--tw-prose-kbd": "oklch(21% 0.034 264.665)",
      "--tw-prose-kbd-shadows": "NaN NaN NaN",
      "--tw-prose-lead": "oklch(44.6% 0.03 256.802)",
      "--tw-prose-links": "oklch(21% 0.034 264.665)",
      "--tw-prose-pre-bg": "oklch(27.8% 0.033 256.848)",
      "--tw-prose-pre-code": "oklch(92.8% 0.006 264.531)",
      "--tw-prose-quote-borders": "oklch(92.8% 0.006 264.531)",
      "--tw-prose-quotes": "oklch(21% 0.034 264.665)",
      "--tw-prose-td-borders": "oklch(92.8% 0.006 264.531)",
      "--tw-prose-th-borders": "oklch(87.2% 0.01 258.338)",
    },
  },
  "green": {
    "css": {
      "--tw-prose-invert-links": "oklch(72.3% 0.219 149.579)",
      "--tw-prose-links": "oklch(62.7% 0.194 149.214)",
    },
  },
  "indigo": {
    "css": {
      "--tw-prose-invert-links": "oklch(58.5% 0.233 277.117)",
      "--tw-prose-links": "oklch(51.1% 0.262 276.966)",
    },
  },
  "invert": {
    "css": {
      "--tw-prose-body": "var(--tw-prose-invert-body)",
      "--tw-prose-bold": "var(--tw-prose-invert-bold)",
      "--tw-prose-bullets": "var(--tw-prose-invert-bullets)",
      "--tw-prose-captions": "var(--tw-prose-invert-captions)",
      "--tw-prose-code": "var(--tw-prose-invert-code)",
      "--tw-prose-counters": "var(--tw-prose-invert-counters)",
      "--tw-prose-headings": "var(--tw-prose-invert-headings)",
      "--tw-prose-hr": "var(--tw-prose-invert-hr)",
      "--tw-prose-kbd": "var(--tw-prose-invert-kbd)",
      "--tw-prose-kbd-shadows": "var(--tw-prose-invert-kbd-shadows)",
      "--tw-prose-lead": "var(--tw-prose-invert-lead)",
      "--tw-prose-links": "var(--tw-prose-invert-links)",
      "--tw-prose-pre-bg": "var(--tw-prose-invert-pre-bg)",
      "--tw-prose-pre-code": "var(--tw-prose-invert-pre-code)",
      "--tw-prose-quote-borders": "var(--tw-prose-invert-quote-borders)",
      "--tw-prose-quotes": "var(--tw-prose-invert-quotes)",
      "--tw-prose-td-borders": "var(--tw-prose-invert-td-borders)",
      "--tw-prose-th-borders": "var(--tw-prose-invert-th-borders)",
    },
  },
  "lg": {
    "css": [
      {
        "> ol > li > *:first-child": {
          "marginTop": "1.3333333em",
        },
        "> ol > li > *:last-child": {
          "marginBottom": "1.3333333em",
        },
        "> ul > li > *:first-child": {
          "marginTop": "1.3333333em",
        },
        "> ul > li > *:last-child": {
          "marginBottom": "1.3333333em",
        },
        "> ul > li p": {
          "marginBottom": "0.8888889em",
          "marginTop": "0.8888889em",
        },
        "[class~="lead"]": {
          "fontSize": "1.2222222em",
          "lineHeight": "1.4545455",
          "marginBottom": "1.0909091em",
          "marginTop": "1.0909091em",
        },
        "blockquote": {
          "marginBottom": "1.6666667em",
          "marginTop": "1.6666667em",
          "paddingLeft": "1em",
        },
        "code": {
          "fontSize": "0.8888889em",
        },
        "dd": {
          "marginTop": "0.6666667em",
          "paddingLeft": "1.5555556em",
        },
        "dl": {
          "marginBottom": "1.3333333em",
          "marginTop": "1.3333333em",
        },
        "dt": {
          "marginTop": "1.3333333em",
        },
        "figcaption": {
          "fontSize": "0.8888889em",
          "lineHeight": "1.5",
          "marginTop": "1em",
        },
        "figure": {
          "marginBottom": "1.7777778em",
          "marginTop": "1.7777778em",
        },
        "figure > *": {
          "marginBottom": "0",
          "marginTop": "0",
        },
        "fontSize": "1.125rem",
        "h1": {
          "fontSize": "2.6666667em",
          "lineHeight": "1",
          "marginBottom": "0.8333333em",
          "marginTop": "0",
        },
        "h2": {
          "fontSize": "1.6666667em",
          "lineHeight": "1.3333333",
          "marginBottom": "1.0666667em",
          "marginTop": "1.8666667em",
        },
        "h2 + *": {
          "marginTop": "0",
        },
        "h2 code": {
          "fontSize": "0.8666667em",
        },
        "h3": {
          "fontSize": "1.3333333em",
          "lineHeight": "1.5",
          "marginBottom": "0.6666667em",
          "marginTop": "1.6666667em",
        },
        "h3 + *": {
          "marginTop": "0",
        },
        "h3 code": {
          "fontSize": "0.875em",
        },
        "h4": {
          "lineHeight": "1.5555556",
          "marginBottom": "0.4444444em",
          "marginTop": "1.7777778em",
        },
        "h4 + *": {
          "marginTop": "0",
        },
        "hr": {
          "marginBottom": "3.1111111em",
          "marginTop": "3.1111111em",
        },
        "hr + *": {
          "marginTop": "0",
        },
        "img": {
          "marginBottom": "1.7777778em",
          "marginTop": "1.7777778em",
        },
        "kbd": {
          "borderRadius": "0.3125rem",
          "fontSize": "0.8888889em",
          "paddingBottom": "0.2222222em",
          "paddingLeft": "0.4444444em",
          "paddingRight": "0.4444444em",
          "paddingTop": "0.2222222em",
        },
        "li": {
          "marginBottom": "0.6666667em",
          "marginTop": "0.6666667em",
        },
        "lineHeight": "1.7777778",
        "ol": {
          "marginBottom": "1.3333333em",
          "marginTop": "1.3333333em",
          "paddingLeft": "1.5555556em",
        },
        "ol > li": {
          "paddingLeft": "0.4444444em",
        },
        "p": {
          "marginBottom": "1.3333333em",
          "marginTop": "1.3333333em",
        },
        "picture": {
          "marginBottom": "1.7777778em",
          "marginTop": "1.7777778em",
        },
        "picture > img": {
          "marginBottom": "0",
          "marginTop": "0",
        },
        "pre": {
          "borderRadius": "0.375rem",
          "fontSize": "0.8888889em",
          "lineHeight": "1.75",
          "marginBottom": "2em",
          "marginTop": "2em",
          "paddingBottom": "1em",
          "paddingLeft": "1.5em",
          "paddingRight": "1.5em",
          "paddingTop": "1em",
        },
        "table": {
          "fontSize": "0.8888889em",
          "lineHeight": "1.5",
        },
        "tbody td, tfoot td": {
          "paddingBottom": "0.75em",
          "paddingLeft": "0.75em",
          "paddingRight": "0.75em",
          "paddingTop": "0.75em",
        },
        "tbody td:first-child, tfoot td:first-child": {
          "paddingLeft": "0",
        },
        "tbody td:last-child, tfoot td:last-child": {
          "paddingRight": "0",
        },
        "thead th": {
          "paddingBottom": "0.75em",
          "paddingLeft": "0.75em",
          "paddingRight": "0.75em",
        },
        "thead th:first-child": {
          "paddingLeft": "0",
        },
        "thead th:last-child": {
          "paddingRight": "0",
        },
        "ul": {
          "marginBottom": "1.3333333em",
          "marginTop": "1.3333333em",
          "paddingLeft": "1.5555556em",
        },
        "ul > li": {
          "paddingLeft": "0.4444444em",
        },
        "ul ul, ul ol, ol ul, ol ol": {
          "marginBottom": "0.8888889em",
          "marginTop": "0.8888889em",
        },
        "video": {
          "marginBottom": "1.7777778em",
          "marginTop": "1.7777778em",
        },
      },
    ],
  },
  "lime": {
    "css": {
      "--tw-prose-invert-links": "oklch(76.8% 0.233 130.85)",
      "--tw-prose-links": "oklch(64.8% 0.2 131.684)",
    },
  },
  "neutral": {
    "css": {
      "--tw-prose-body": "oklch(37.1% 0 0)",
      "--tw-prose-bold": "oklch(20.5% 0 0)",
      "--tw-prose-bullets": "oklch(87% 0 0)",
      "--tw-prose-captions": "oklch(55.6% 0 0)",
      "--tw-prose-code": "oklch(20.5% 0 0)",
      "--tw-prose-counters": "oklch(55.6% 0 0)",
      "--tw-prose-headings": "oklch(20.5% 0 0)",
      "--tw-prose-hr": "oklch(92.2% 0 0)",
      "--tw-prose-invert-body": "oklch(87% 0 0)",
      "--tw-prose-invert-bold": "#fff",
      "--tw-prose-invert-bullets": "oklch(43.9% 0 0)",
      "--tw-prose-invert-captions": "oklch(70.8% 0 0)",
      "--tw-prose-invert-code": "#fff",
      "--tw-prose-invert-counters": "oklch(70.8% 0 0)",
      "--tw-prose-invert-headings": "#fff",
      "--tw-prose-invert-hr": "oklch(37.1% 0 0)",
      "--tw-prose-invert-kbd": "#fff",
      "--tw-prose-invert-kbd-shadows": "255 255 255",
      "--tw-prose-invert-lead": "oklch(70.8% 0 0)",
      "--tw-prose-invert-links": "#fff",
      "--tw-prose-invert-pre-bg": "rgb(0 0 0 / 50%)",
      "--tw-prose-invert-pre-code": "oklch(87% 0 0)",
      "--tw-prose-invert-quote-borders": "oklch(37.1% 0 0)",
      "--tw-prose-invert-quotes": "oklch(97% 0 0)",
      "--tw-prose-invert-td-borders": "oklch(37.1% 0 0)",
      "--tw-prose-invert-th-borders": "oklch(43.9% 0 0)",
      "--tw-prose-kbd": "oklch(20.5% 0 0)",
      "--tw-prose-kbd-shadows": "NaN NaN NaN",
      "--tw-prose-lead": "oklch(43.9% 0 0)",
      "--tw-prose-links": "oklch(20.5% 0 0)",
      "--tw-prose-pre-bg": "oklch(26.9% 0 0)",
      "--tw-prose-pre-code": "oklch(92.2% 0 0)",
      "--tw-prose-quote-borders": "oklch(92.2% 0 0)",
      "--tw-prose-quotes": "oklch(20.5% 0 0)",
      "--tw-prose-td-borders": "oklch(92.2% 0 0)",
      "--tw-prose-th-borders": "oklch(87% 0 0)",
    },
  },
  "orange": {
    "css": {
      "--tw-prose-invert-links": "oklch(70.5% 0.213 47.604)",
      "--tw-prose-links": "oklch(64.6% 0.222 41.116)",
    },
  },
  "pink": {
    "css": {
      "--tw-prose-invert-links": "oklch(65.6% 0.241 354.308)",
      "--tw-prose-links": "oklch(59.2% 0.249 0.584)",
    },
  },
  "purple": {
    "css": {
      "--tw-prose-invert-links": "oklch(62.7% 0.265 303.9)",
      "--tw-prose-links": "oklch(55.8% 0.288 302.321)",
    },
  },
  "red": {
    "css": {
      "--tw-prose-invert-links": "oklch(63.7% 0.237 25.331)",
      "--tw-prose-links": "oklch(57.7% 0.245 27.325)",
    },
  },
  "rose": {
    "css": {
      "--tw-prose-invert-links": "oklch(64.5% 0.246 16.439)",
      "--tw-prose-links": "oklch(58.6% 0.253 17.585)",
    },
  },
  "sky": {
    "css": {
      "--tw-prose-invert-links": "oklch(68.5% 0.169 237.323)",
      "--tw-prose-links": "oklch(58.8% 0.158 241.966)",
    },
  },
  "slate": {
    "css": {
      "--tw-prose-body": "oklch(37.2% 0.044 257.287)",
      "--tw-prose-bold": "oklch(20.8% 0.042 265.755)",
      "--tw-prose-bullets": "oklch(86.9% 0.022 252.894)",
      "--tw-prose-captions": "oklch(55.4% 0.046 257.417)",
      "--tw-prose-code": "oklch(20.8% 0.042 265.755)",
      "--tw-prose-counters": "oklch(55.4% 0.046 257.417)",
      "--tw-prose-headings": "oklch(20.8% 0.042 265.755)",
      "--tw-prose-hr": "oklch(92.9% 0.013 255.508)",
      "--tw-prose-invert-body": "oklch(86.9% 0.022 252.894)",
      "--tw-prose-invert-bold": "#fff",
      "--tw-prose-invert-bullets": "oklch(44.6% 0.043 257.281)",
      "--tw-prose-invert-captions": "oklch(70.4% 0.04 256.788)",
      "--tw-prose-invert-code": "#fff",
      "--tw-prose-invert-counters": "oklch(70.4% 0.04 256.788)",
      "--tw-prose-invert-headings": "#fff",
      "--tw-prose-invert-hr": "oklch(37.2% 0.044 257.287)",
      "--tw-prose-invert-kbd": "#fff",
      "--tw-prose-invert-kbd-shadows": "255 255 255",
      "--tw-prose-invert-lead": "oklch(70.4% 0.04 256.788)",
      "--tw-prose-invert-links": "#fff",
      "--tw-prose-invert-pre-bg": "rgb(0 0 0 / 50%)",
      "--tw-prose-invert-pre-code": "oklch(86.9% 0.022 252.894)",
      "--tw-prose-invert-quote-borders": "oklch(37.2% 0.044 257.287)",
      "--tw-prose-invert-quotes": "oklch(96.8% 0.007 247.896)",
      "--tw-prose-invert-td-borders": "oklch(37.2% 0.044 257.287)",
      "--tw-prose-invert-th-borders": "oklch(44.6% 0.043 257.281)",
      "--tw-prose-kbd": "oklch(20.8% 0.042 265.755)",
      "--tw-prose-kbd-shadows": "NaN NaN NaN",
      "--tw-prose-lead": "oklch(44.6% 0.043 257.281)",
      "--tw-prose-links": "oklch(20.8% 0.042 265.755)",
      "--tw-prose-pre-bg": "oklch(27.9% 0.041 260.031)",
      "--tw-prose-pre-code": "oklch(92.9% 0.013 255.508)",
      "--tw-prose-quote-borders": "oklch(92.9% 0.013 255.508)",
      "--tw-prose-quotes": "oklch(20.8% 0.042 265.755)",
      "--tw-prose-td-borders": "oklch(92.9% 0.013 255.508)",
      "--tw-prose-th-borders": "oklch(86.9% 0.022 252.894)",
    },
  },
  "sm": {
    "css": [
      {
        "> ol > li > *:first-child": {
          "marginTop": "1.1428571em",
        },
        "> ol > li > *:last-child": {
          "marginBottom": "1.1428571em",
        },
        "> ul > li > *:first-child": {
          "marginTop": "1.1428571em",
        },
        "> ul > li > *:last-child": {
          "marginBottom": "1.1428571em",
        },
        "> ul > li p": {
          "marginBottom": "0.5714286em",
          "marginTop": "0.5714286em",
        },
        "[class~="lead"]": {
          "fontSize": "1.2857143em",
          "lineHeight": "1.5555556",
          "marginBottom": "0.8888889em",
          "marginTop": "0.8888889em",
        },
        "blockquote": {
          "marginBottom": "1.3333333em",
          "marginTop": "1.3333333em",
          "paddingLeft": "1.1111111em",
        },
        "code": {
          "fontSize": "0.8571429em",
        },
        "dd": {
          "marginTop": "0.2857143em",
          "paddingLeft": "1.5714286em",
        },
        "dl": {
          "marginBottom": "1.1428571em",
          "marginTop": "1.1428571em",
        },
        "dt": {
          "marginTop": "1.1428571em",
        },
        "figcaption": {
          "fontSize": "0.8571429em",
          "lineHeight": "1.3333333",
          "marginTop": "0.6666667em",
        },
        "figure": {
          "marginBottom": "1.7142857em",
          "marginTop": "1.7142857em",
        },
        "figure > *": {
          "marginBottom": "0",
          "marginTop": "0",
        },
        "fontSize": "0.875rem",
        "h1": {
          "fontSize": "2.1428571em",
          "lineHeight": "1.2",
          "marginBottom": "0.8em",
          "marginTop": "0",
        },
        "h2": {
          "fontSize": "1.4285714em",
          "lineHeight": "1.4",
          "marginBottom": "0.8em",
          "marginTop": "1.6em",
        },
        "h2 + *": {
          "marginTop": "0",
        },
        "h2 code": {
          "fontSize": "0.9em",
        },
        "h3": {
          "fontSize": "1.2857143em",
          "lineHeight": "1.5555556",
          "marginBottom": "0.4444444em",
          "marginTop": "1.5555556em",
        },
        "h3 + *": {
          "marginTop": "0",
        },
        "h3 code": {
          "fontSize": "0.8888889em",
        },
        "h4": {
          "lineHeight": "1.4285714",
          "marginBottom": "0.5714286em",
          "marginTop": "1.4285714em",
        },
        "h4 + *": {
          "marginTop": "0",
        },
        "hr": {
          "marginBottom": "2.8571429em",
          "marginTop": "2.8571429em",
        },
        "hr + *": {
          "marginTop": "0",
        },
        "img": {
          "marginBottom": "1.7142857em",
          "marginTop": "1.7142857em",
        },
        "kbd": {
          "borderRadius": "0.3125rem",
          "fontSize": "0.8571429em",
          "paddingBottom": "0.1428571em",
          "paddingLeft": "0.3571429em",
          "paddingRight": "0.3571429em",
          "paddingTop": "0.1428571em",
        },
        "li": {
          "marginBottom": "0.2857143em",
          "marginTop": "0.2857143em",
        },
        "lineHeight": "1.7142857",
        "ol": {
          "marginBottom": "1.1428571em",
          "marginTop": "1.1428571em",
          "paddingLeft": "1.5714286em",
        },
        "ol > li": {
          "paddingLeft": "0.4285714em",
        },
        "p": {
          "marginBottom": "1.1428571em",
          "marginTop": "1.1428571em",
        },
        "picture": {
          "marginBottom": "1.7142857em",
          "marginTop": "1.7142857em",
        },
        "picture > img": {
          "marginBottom": "0",
          "marginTop": "0",
        },
        "pre": {
          "borderRadius": "0.25rem",
          "fontSize": "0.8571429em",
          "lineHeight": "1.6666667",
          "marginBottom": "1.6666667em",
          "marginTop": "1.6666667em",
          "paddingBottom": "0.6666667em",
          "paddingLeft": "1em",
          "paddingRight": "1em",
          "paddingTop": "0.6666667em",
        },
        "table": {
          "fontSize": "0.8571429em",
          "lineHeight": "1.5",
        },
        "tbody td, tfoot td": {
          "paddingBottom": "0.6666667em",
          "paddingLeft": "1em",
          "paddingRight": "1em",
          "paddingTop": "0.6666667em",
        },
        "tbody td:first-child, tfoot td:first-child": {
          "paddingLeft": "0",
        },
        "tbody td:last-child, tfoot td:last-child": {
          "paddingRight": "0",
        },
        "thead th": {
          "paddingBottom": "0.6666667em",
          "paddingLeft": "1em",
          "paddingRight": "1em",
        },
        "thead th:first-child": {
          "paddingLeft": "0",
        },
        "thead th:last-child": {
          "paddingRight": "0",
        },
        "ul": {
          "marginBottom": "1.1428571em",
          "marginTop": "1.1428571em",
          "paddingLeft": "1.5714286em",
        },
        "ul > li": {
          "paddingLeft": "0.4285714em",
        },
        "ul ul, ul ol, ol ul, ol ol": {
          "marginBottom": "0.5714286em",
          "marginTop": "0.5714286em",
        },
        "video": {
          "marginBottom": "1.7142857em",
          "marginTop": "1.7142857em",
        },
      },
    ],
  },
  "stone": {
    "css": {
      "--tw-prose-body": "oklch(37.4% 0.01 67.558)",
      "--tw-prose-bold": "oklch(21.6% 0.006 56.043)",
      "--tw-prose-bullets": "oklch(86.9% 0.005 56.366)",
      "--tw-prose-captions": "oklch(55.3% 0.013 58.071)",
      "--tw-prose-code": "oklch(21.6% 0.006 56.043)",
      "--tw-prose-counters": "oklch(55.3% 0.013 58.071)",
      "--tw-prose-headings": "oklch(21.6% 0.006 56.043)",
      "--tw-prose-hr": "oklch(92.3% 0.003 48.717)",
      "--tw-prose-invert-body": "oklch(86.9% 0.005 56.366)",
      "--tw-prose-invert-bold": "#fff",
      "--tw-prose-invert-bullets": "oklch(44.4% 0.011 73.639)",
      "--tw-prose-invert-captions": "oklch(70.9% 0.01 56.259)",
      "--tw-prose-invert-code": "#fff",
      "--tw-prose-invert-counters": "oklch(70.9% 0.01 56.259)",
      "--tw-prose-invert-headings": "#fff",
      "--tw-prose-invert-hr": "oklch(37.4% 0.01 67.558)",
      "--tw-prose-invert-kbd": "#fff",
      "--tw-prose-invert-kbd-shadows": "255 255 255",
      "--tw-prose-invert-lead": "oklch(70.9% 0.01 56.259)",
      "--tw-prose-invert-links": "#fff",
      "--tw-prose-invert-pre-bg": "rgb(0 0 0 / 50%)",
      "--tw-prose-invert-pre-code": "oklch(86.9% 0.005 56.366)",
      "--tw-prose-invert-quote-borders": "oklch(37.4% 0.01 67.558)",
      "--tw-prose-invert-quotes": "oklch(97% 0.001 106.424)",
      "--tw-prose-invert-td-borders": "oklch(37.4% 0.01 67.558)",
      "--tw-prose-invert-th-borders": "oklch(44.4% 0.011 73.639)",
      "--tw-prose-kbd": "oklch(21.6% 0.006 56.043)",
      "--tw-prose-kbd-shadows": "NaN NaN NaN",
      "--tw-prose-lead": "oklch(44.4% 0.011 73.639)",
      "--tw-prose-links": "oklch(21.6% 0.006 56.043)",
      "--tw-prose-pre-bg": "oklch(26.8% 0.007 34.298)",
      "--tw-prose-pre-code": "oklch(92.3% 0.003 48.717)",
      "--tw-prose-quote-borders": "oklch(92.3% 0.003 48.717)",
      "--tw-prose-quotes": "oklch(21.6% 0.006 56.043)",
      "--tw-prose-td-borders": "oklch(92.3% 0.003 48.717)",
      "--tw-prose-th-borders": "oklch(86.9% 0.005 56.366)",
    },
  },
  "teal": {
    "css": {
      "--tw-prose-invert-links": "oklch(70.4% 0.14 182.503)",
      "--tw-prose-links": "oklch(60% 0.118 184.704)",
    },
  },
  "violet": {
    "css": {
      "--tw-prose-invert-links": "oklch(60.6% 0.25 292.717)",
      "--tw-prose-links": "oklch(54.1% 0.281 293.009)",
    },
  },
  "xl": {
    "css": [
      {
        "> ol > li > *:first-child": {
          "marginTop": "1.2em",
        },
        "> ol > li > *:last-child": {
          "marginBottom": "1.2em",
        },
        "> ul > li > *:first-child": {
          "marginTop": "1.2em",
        },
        "> ul > li > *:last-child": {
          "marginBottom": "1.2em",
        },
        "> ul > li p": {
          "marginBottom": "0.8em",
          "marginTop": "0.8em",
        },
        "[class~="lead"]": {
          "fontSize": "1.2em",
          "lineHeight": "1.5",
          "marginBottom": "1em",
          "marginTop": "1em",
        },
        "blockquote": {
          "marginBottom": "1.6em",
          "marginTop": "1.6em",
          "paddingLeft": "1.0666667em",
        },
        "code": {
          "fontSize": "0.9em",
        },
        "dd": {
          "marginTop": "0.6em",
          "paddingLeft": "1.6em",
        },
        "dl": {
          "marginBottom": "1.2em",
          "marginTop": "1.2em",
        },
        "dt": {
          "marginTop": "1.2em",
        },
        "figcaption": {
          "fontSize": "0.9em",
          "lineHeight": "1.5555556",
          "marginTop": "1em",
        },
        "figure": {
          "marginBottom": "2em",
          "marginTop": "2em",
        },
        "figure > *": {
          "marginBottom": "0",
          "marginTop": "0",
        },
        "fontSize": "1.25rem",
        "h1": {
          "fontSize": "2.8em",
          "lineHeight": "1",
          "marginBottom": "0.8571429em",
          "marginTop": "0",
        },
        "h2": {
          "fontSize": "1.8em",
          "lineHeight": "1.1111111",
          "marginBottom": "0.8888889em",
          "marginTop": "1.5555556em",
        },
        "h2 + *": {
          "marginTop": "0",
        },
        "h2 code": {
          "fontSize": "0.8611111em",
        },
        "h3": {
          "fontSize": "1.5em",
          "lineHeight": "1.3333333",
          "marginBottom": "0.6666667em",
          "marginTop": "1.6em",
        },
        "h3 + *": {
          "marginTop": "0",
        },
        "h3 code": {
          "fontSize": "0.9em",
        },
        "h4": {
          "lineHeight": "1.6",
          "marginBottom": "0.6em",
          "marginTop": "1.8em",
        },
        "h4 + *": {
          "marginTop": "0",
        },
        "hr": {
          "marginBottom": "2.8em",
          "marginTop": "2.8em",
        },
        "hr + *": {
          "marginTop": "0",
        },
        "img": {
          "marginBottom": "2em",
          "marginTop": "2em",
        },
        "kbd": {
          "borderRadius": "0.3125rem",
          "fontSize": "0.9em",
          "paddingBottom": "0.25em",
          "paddingLeft": "0.4em",
          "paddingRight": "0.4em",
          "paddingTop": "0.25em",
        },
        "li": {
          "marginBottom": "0.6em",
          "marginTop": "0.6em",
        },
        "lineHeight": "1.8",
        "ol": {
          "marginBottom": "1.2em",
          "marginTop": "1.2em",
          "paddingLeft": "1.6em",
        },
        "ol > li": {
          "paddingLeft": "0.4em",
        },
        "p": {
          "marginBottom": "1.2em",
          "marginTop": "1.2em",
        },
        "picture": {
          "marginBottom": "2em",
          "marginTop": "2em",
        },
        "picture > img": {
          "marginBottom": "0",
          "marginTop": "0",
        },
        "pre": {
          "borderRadius": "0.5rem",
          "fontSize": "0.9em",
          "lineHeight": "1.7777778",
          "marginBottom": "2em",
          "marginTop": "2em",
          "paddingBottom": "1.1111111em",
          "paddingLeft": "1.3333333em",
          "paddingRight": "1.3333333em",
          "paddingTop": "1.1111111em",
        },
        "table": {
          "fontSize": "0.9em",
          "lineHeight": "1.5555556",
        },
        "tbody td, tfoot td": {
          "paddingBottom": "0.8888889em",
          "paddingLeft": "0.6666667em",
          "paddingRight": "0.6666667em",
          "paddingTop": "0.8888889em",
        },
        "tbody td:first-child, tfoot td:first-child": {
          "paddingLeft": "0",
        },
        "tbody td:last-child, tfoot td:last-child": {
          "paddingRight": "0",
        },
        "thead th": {
          "paddingBottom": "0.8888889em",
          "paddingLeft": "0.6666667em",
          "paddingRight": "0.6666667em",
        },
        "thead th:first-child": {
          "paddingLeft": "0",
        },
        "thead th:last-child": {
          "paddingRight": "0",
        },
        "ul": {
          "marginBottom": "1.2em",
          "marginTop": "1.2em",
          "paddingLeft": "1.6em",
        },
        "ul > li": {
          "paddingLeft": "0.4em",
        },
        "ul ul, ul ol, ol ul, ol ol": {
          "marginBottom": "0.8em",
          "marginTop": "0.8em",
        },
        "video": {
          "marginBottom": "2em",
          "marginTop": "2em",
        },
      },
    ],
  },
  "yellow": {
    "css": {
      "--tw-prose-invert-links": "oklch(79.5% 0.184 86.047)",
      "--tw-prose-links": "oklch(68.1% 0.162 75.834)",
    },
  },
  "zinc": {
    "css": {
      "--tw-prose-body": "oklch(37% 0.013 285.805)",
      "--tw-prose-bold": "oklch(21% 0.006 285.885)",
      "--tw-prose-bullets": "oklch(87.1% 0.006 286.286)",
      "--tw-prose-captions": "oklch(55.2% 0.016 285.938)",
      "--tw-prose-code": "oklch(21% 0.006 285.885)",
      "--tw-prose-counters": "oklch(55.2% 0.016 285.938)",
      "--tw-prose-headings": "oklch(21% 0.006 285.885)",
      "--tw-prose-hr": "oklch(92% 0.004 286.32)",
      "--tw-prose-invert-body": "oklch(87.1% 0.006 286.286)",
      "--tw-prose-invert-bold": "#fff",
      "--tw-prose-invert-bullets": "oklch(44.2% 0.017 285.786)",
      "--tw-prose-invert-captions": "oklch(70.5% 0.015 286.067)",
      "--tw-prose-invert-code": "#fff",
      "--tw-prose-invert-counters": "oklch(70.5% 0.015 286.067)",
      "--tw-prose-invert-headings": "#fff",
      "--tw-prose-invert-hr": "oklch(37% 0.013 285.805)",
      "--tw-prose-invert-kbd": "#fff",
      "--tw-prose-invert-kbd-shadows": "255 255 255",
      "--tw-prose-invert-lead": "oklch(70.5% 0.015 286.067)",
      "--tw-prose-invert-links": "#fff",
      "--tw-prose-invert-pre-bg": "rgb(0 0 0 / 50%)",
      "--tw-prose-invert-pre-code": "oklch(87.1% 0.006 286.286)",
      "--tw-prose-invert-quote-borders": "oklch(37% 0.013 285.805)",
      "--tw-prose-invert-quotes": "oklch(96.7% 0.001 286.375)",
      "--tw-prose-invert-td-borders": "oklch(37% 0.013 285.805)",
      "--tw-prose-invert-th-borders": "oklch(44.2% 0.017 285.786)",
      "--tw-prose-kbd": "oklch(21% 0.006 285.885)",
      "--tw-prose-kbd-shadows": "NaN NaN NaN",
      "--tw-prose-lead": "oklch(44.2% 0.017 285.786)",
      "--tw-prose-links": "oklch(21% 0.006 285.885)",
      "--tw-prose-pre-bg": "oklch(27.4% 0.006 286.033)",
      "--tw-prose-pre-code": "oklch(92% 0.004 286.32)",
      "--tw-prose-quote-borders": "oklch(92% 0.004 286.32)",
      "--tw-prose-quotes": "oklch(21% 0.006 285.885)",
      "--tw-prose-td-borders": "oklch(92% 0.004 286.32)",
      "--tw-prose-th-borders": "oklch(87.1% 0.006 286.286)",
    },
  },
}
`;
