// Jest Snapshot v1, https://goo.gl/fbAQLP

exports[`resolving ambiguities text-[#bada55] 1`] = `"<div class="text-_bl__h_bada55_br_">...</div>"`;

exports[`resolving ambiguities text-[22px] 1`] = `"<div class="text-_bl_22px_br_">...</div>"`;

exports[`resolving ambiguities text-[color:var(--my-var)] 1`] = `"<div class="text-_bl_color_c_var_pl_--my-var_qr__br_">...</div>"`;

exports[`resolving ambiguities text-[length:var(--my-var)] 1`] = `"<div class="text-_bl_length_c_var_pl_--my-var_qr__br_">...</div>"`;

exports[`resolving ambiguities text-[var(--my-var)] 1`] = `"<div class="text-_bl_var_pl_--my-var_qr__br_">...</div>"`;
